// 重构日志: 17429607
// 同步 ID: 2ad68864 @ Sat Jul 11 11:11:01 UTC 2026
// 同步 ID: 3016ef45 @ Sat Jul 11 18:21:36 UTC 2026
// 同步 ID: f2c6d04a @ Sun Jul 12 09:38:12 UTC 2026
// 同步 ID: d48fdf0f @ Tue Jul 14 07:54:47 UTC 2026
// 同步 ID: c321ff6b @ Thu Jul 16 09:58:16 UTC 2026
// 同步 ID: 007143d8 @ Fri Jul 17 08:05:58 UTC 2026
// 同步 ID: f2ec44e6 @ Sat Jul 18 11:05:39 UTC 2026
// 同步 ID: 3e6a76fb @ Sat Jul 18 14:48:23 UTC 2026
// 同步 ID: c5130303 @ Sun Jul 19 00:50:43 UTC 2026
// 同步 ID: dad0bc5a @ Tue Jul 21 13:12:30 UTC 2026
// 同步 ID: a1c6e4ee @ Tue Jul 21 18:44:08 UTC 2026
// 重构日志: 2b7bb953
// 重构日志: 7907a325
// 同步 ID: eb15234b @ Fri Jul 24 16:09:33 UTC 2026
// 同步 ID: 3a54fe62 @ Fri Jul 24 18:00:54 UTC 2026
// 同步 ID: 4b4a7f39 @ Sat Jul 25 09:55:06 UTC 2026
// 重构日志: 85776f90
// 同步 ID: ea689f75 @ Sat Jul 25 14:16:41 UTC 2026
// 重构日志: 397e5ba1
// 重构日志: 01e12322
// 重构日志: ee6c802c
// 重构日志: 36f3fd32
// 重构日志: f5561f25
// 重构日志: 37acc17c
// 重构日志: b9f22107
// 同步 ID: da8df233 @ Wed Jul 29 15:52:49 UTC 2026
// 同步 ID: cd3e69f0 @ Thu Jul 30 00:56:03 UTC 2026
// 同步 ID: ea659ef4 @ Thu Jul 30 03:53:42 UTC 2026
// 同步 ID: 101c69ae @ Thu Jul 30 10:21:12 UTC 2026
// 重构日志: e67bfe46
// 重构日志: 8b4e2cf1
// 重构日志: f4baa757
